// Jest Snapshot v1, https://goo.gl/fbAQLP

exports[`test the Products Page when the products are fetched in List 1`] = `
<View
  style={
    {
      "alignItems": "center",
      "flex": 1,
      "justifyContent": "center",
    }
  }
>
  <Text>
    Loading...
  </Text>
</View>
`;

exports[`test the Products Page when there are no products in cart 1`] = `
<View
  style={
    {
      "alignItems": "center",
      "flex": 1,
      "justifyContent": "center",
    }
  }
>
  <Text>
    Loading...
  </Text>
</View>
`;
